// Jest Snapshot v1, https://goo.gl/fbAQLP

exports[`Input testing with Enzyme renders without crashing 1`] = `ShallowWrapper {}`;
