// Jest Snapshot v1, https://goo.gl/fbAQLP

exports[`Login testing with Enzyme renders without crashing 1`] = `ShallowWrapper {}`;
