// Jest Snapshot v1, https://goo.gl/fbAQLP

exports[`Select testing with Enzyme renders without crashing 1`] = `ShallowWrapper {}`;
